error: non-binding `let` on a result of a `#[must_use]` function
  --> tests/ui/let_underscore_must_use.rs:67:5
   |
LL |     let _ = f();
   |     ^^^^^^^^^^^^
   |
   = help: consider explicitly using function result
   = note: `-D clippy::let-underscore-must-use` implied by `-D warnings`
   = help: to override `-D warnings` add `#[allow(clippy::let_underscore_must_use)]`

error: non-binding `let` on an expression with `#[must_use]` type
  --> tests/ui/let_underscore_must_use.rs:70:5
   |
LL |     let _ = g();
   |     ^^^^^^^^^^^^
   |
   = help: consider explicitly using expression value

error: non-binding `let` on a result of a `#[must_use]` function
  --> tests/ui/let_underscore_must_use.rs:74:5
   |
LL |     let _ = l(0_u32);
   |     ^^^^^^^^^^^^^^^^^
   |
   = help: consider explicitly using function result

error: non-binding `let` on a result of a `#[must_use]` function
  --> tests/ui/let_underscore_must_use.rs:79:5
   |
LL |     let _ = s.f();
   |     ^^^^^^^^^^^^^^
   |
   = help: consider explicitly using function result

error: non-binding `let` on an expression with `#[must_use]` type
  --> tests/ui/let_underscore_must_use.rs:82:5
   |
LL |     let _ = s.g();
   |     ^^^^^^^^^^^^^^
   |
   = help: consider explicitly using expression value

error: non-binding `let` on a result of a `#[must_use]` function
  --> tests/ui/let_underscore_must_use.rs:87:5
   |
LL |     let _ = S::h();
   |     ^^^^^^^^^^^^^^^
   |
   = help: consider explicitly using function result

error: non-binding `let` on an expression with `#[must_use]` type
  --> tests/ui/let_underscore_must_use.rs:90:5
   |
LL |     let _ = S::p();
   |     ^^^^^^^^^^^^^^^
   |
   = help: consider explicitly using expression value

error: non-binding `let` on a result of a `#[must_use]` function
  --> tests/ui/let_underscore_must_use.rs:93:5
   |
LL |     let _ = S::a();
   |     ^^^^^^^^^^^^^^^
   |
   = help: consider explicitly using function result

error: non-binding `let` on an expression with `#[must_use]` type
  --> tests/ui/let_underscore_must_use.rs:96:5
   |
LL |     let _ = if true { Ok(()) } else { Err(()) };
   |     ^^^^^^^^^^^^^^^^^^^^^^^^^^^^^^^^^^^^^^^^^^^^
   |
   = help: consider explicitly using expression value

error: non-binding `let` on a result of a `#[must_use]` function
  --> tests/ui/let_underscore_must_use.rs:101:5
   |
LL |     let _ = a.is_ok();
   |     ^^^^^^^^^^^^^^^^^^
   |
   = help: consider explicitly using function result

error: non-binding `let` on an expression with `#[must_use]` type
  --> tests/ui/let_underscore_must_use.rs:104:5
   |
LL |     let _ = a.map(|_| ());
   |     ^^^^^^^^^^^^^^^^^^^^^^
   |
   = help: consider explicitly using expression value

error: non-binding `let` on an expression with `#[must_use]` type
  --> tests/ui/let_underscore_must_use.rs:107:5
   |
LL |     let _ = a;
   |     ^^^^^^^^^^
   |
   = help: consider explicitly using expression value

error: non-binding `let` on an expression with `#[must_use]` type
  --> tests/ui/let_underscore_must_use.rs:113:5
   |
LL |     let (_, x) = (a, a);
   |     ^^^^^^^^^^^^^^^^^^^^
   |
note: this value will stay unused
  --> tests/ui/let_underscore_must_use.rs:113:19
   |
LL |     let (_, x) = (a, a);
   |                   ^
note: the value is forgotten here
  --> tests/ui/let_underscore_must_use.rs:113:10
   |
LL |     let (_, x) = (a, a);
   |          ^
   = help: consider explicitly using expression value

error: non-binding `let` on an expression with `#[must_use]` type
  --> tests/ui/let_underscore_must_use.rs:116:5
   |
LL |     let (.., x) = (a, a);
   |     ^^^^^^^^^^^^^^^^^^^^^
   |
note: this value will stay unused
  --> tests/ui/let_underscore_must_use.rs:116:20
   |
LL |     let (.., x) = (a, a);
   |                    ^
   = help: consider explicitly using expression value

error: non-binding `let` on a result of a `#[must_use]` function
  --> tests/ui/let_underscore_must_use.rs:119:5
   |
LL |     let (.., x) = (S.f(), S.f());
   |     ^^^^^^^^^^^^^^^^^^^^^^^^^^^^^
   |
note: the function is called here
  --> tests/ui/let_underscore_must_use.rs:119:20
   |
LL |     let (.., x) = (S.f(), S.f());
   |                    ^^^^^
   = help: consider explicitly using function result

error: non-binding `let` on an expression with `#[must_use]` type
  --> tests/ui/let_underscore_must_use.rs:122:5
   |
LL |     let (x, .., y, z) = (a, a, a, a, a);
   |     ^^^^^^^^^^^^^^^^^^^^^^^^^^^^^^^^^^^^
   |
note: this value will stay unused
  --> tests/ui/let_underscore_must_use.rs:122:29
   |
LL |     let (x, .., y, z) = (a, a, a, a, a);
   |                             ^
   = help: consider explicitly using expression value

error: non-binding `let` on an expression with `#[must_use]` type
  --> tests/ui/let_underscore_must_use.rs:122:5
   |
LL |     let (x, .., y, z) = (a, a, a, a, a);
   |     ^^^^^^^^^^^^^^^^^^^^^^^^^^^^^^^^^^^^
   |
note: this value will stay unused
  --> tests/ui/let_underscore_must_use.rs:122:32
   |
LL |     let (x, .., y, z) = (a, a, a, a, a);
   |                                ^
   = help: consider explicitly using expression value

error: non-binding `let` on an expression with `#[must_use]` type
  --> tests/ui/let_underscore_must_use.rs:131:5
   |
LL |     let (x, _) = opt_res();
   |     ^^^^^^^^^^^^^^^^^^^^^^^
   |
note: the value is forgotten here
  --> tests/ui/let_underscore_must_use.rs:131:13
   |
LL |     let (x, _) = opt_res();
   |             ^
   = help: consider explicitly using expression value

error: non-binding `let` on an expression with `#[must_use]` type
  --> tests/ui/let_underscore_must_use.rs:133:5
   |
LL |     let _ = opt_res();
   |     ^^^^^^^^^^^^^^^^^^
   |
   = help: consider explicitly using expression value

error: aborting due to 19 previous errors

